---
source: tui/src/chatwidget/tests/session_summary.rs
assertion_line: 17
expression: normalized_backend_snapshot(terminal.backend())
---
"                                                                                "
"                                                                                "
"› Applied code changes · 修复输入框提示                                         " Hidden by multi-width symbols: [(26, " "), (28, " "), (30, " "), (32, " "), (34, " "), (36, " "), (38, " ")]
"                                                                                "
"  gpt-5.3-codex default · 100% left · /tmp/project                              "
